#################################################
# Keymap for SBRF module launched from UKM4
# All control keys are disabled
#################################################

keymaps 0-15

keycode   1 = Escape      Escape      Escape      Escape      Escape      Escape      Escape      Escape      Escape      Escape      Escape      Escape      Escape      Escape      Escape      Escape     
keycode   2 = one         one         one         one         one         one         one         one         one         one         one         one         one         one         one         one        
keycode   3 = two         two         two         two         two         two         two         two         two         two         two         two         two         two         two         two        
keycode   4 = three       three       three       three       three       three       three       three       three       three       three       three       three       three       three       three      
keycode   5 = four        four        four        four        four        four        four        four        four        four        four        four        four        four        four        four       
keycode   6 = five        five        five        five        five        five        five        five        five        five        five        five        five        five        five        five       
keycode   7 = six         six         six         six         six         six         six         six         six         six         six         six         six         six         six         six        
keycode   8 = seven       seven       seven       seven       seven       seven       seven       seven       seven       seven       seven       seven       seven       seven       seven       seven      
keycode   9 = eight       eight       eight       eight       eight       eight       eight       eight       eight       eight       eight       eight       eight       eight       eight       eight      
keycode  10 = nine        nine        nine        nine        nine        nine        nine        nine        nine        nine        nine        nine        nine        nine        nine        nine       
keycode  11 = zero        zero        zero        zero        zero        zero        zero        zero        zero        zero        zero        zero        zero        zero        zero        zero       
keycode  12 = minus       minus       minus       minus       minus       minus       minus       minus       minus       minus       minus       minus       minus       minus       minus       minus      
keycode  13 = equal       equal       equal       equal       equal       equal       equal       equal       equal       equal       equal       equal       equal       equal       equal       equal      
keycode  14 = Delete      Delete      Delete      Delete      Delete      Delete      Delete      Delete      Delete      Delete      Delete      Delete      Delete      Delete      Delete      Delete     
keycode  15 = Tab         Tab         Tab         Tab         Tab         Tab         Tab         Tab         Tab         Tab         Tab         Tab         Tab         Tab         Tab         Tab        
keycode  16 = VoidSymbol  VoidSymbol  VoidSymbol  VoidSymbol  VoidSymbol  VoidSymbol  VoidSymbol  VoidSymbol  VoidSymbol  VoidSymbol  VoidSymbol  VoidSymbol  VoidSymbol  VoidSymbol  VoidSymbol  VoidSymbol 
keycode  17 = VoidSymbol  VoidSymbol  VoidSymbol  VoidSymbol  VoidSymbol  VoidSymbol  VoidSymbol  VoidSymbol  VoidSymbol  VoidSymbol  VoidSymbol  VoidSymbol  VoidSymbol  VoidSymbol  VoidSymbol  VoidSymbol 
keycode  18 = VoidSymbol  VoidSymbol  VoidSymbol  VoidSymbol  VoidSymbol  VoidSymbol  VoidSymbol  VoidSymbol  VoidSymbol  VoidSymbol  VoidSymbol  VoidSymbol  VoidSymbol  VoidSymbol  VoidSymbol  VoidSymbol 
keycode  19 = VoidSymbol  VoidSymbol  VoidSymbol  VoidSymbol  VoidSymbol  VoidSymbol  VoidSymbol  VoidSymbol  VoidSymbol  VoidSymbol  VoidSymbol  VoidSymbol  VoidSymbol  VoidSymbol  VoidSymbol  VoidSymbol 
keycode  20 = VoidSymbol  VoidSymbol  VoidSymbol  VoidSymbol  VoidSymbol  VoidSymbol  VoidSymbol  VoidSymbol  VoidSymbol  VoidSymbol  VoidSymbol  VoidSymbol  VoidSymbol  VoidSymbol  VoidSymbol  VoidSymbol 
keycode  21 = VoidSymbol  VoidSymbol  VoidSymbol  VoidSymbol  VoidSymbol  VoidSymbol  VoidSymbol  VoidSymbol  VoidSymbol  VoidSymbol  VoidSymbol  VoidSymbol  VoidSymbol  VoidSymbol  VoidSymbol  VoidSymbol 
keycode  22 = VoidSymbol  VoidSymbol  VoidSymbol  VoidSymbol  VoidSymbol  VoidSymbol  VoidSymbol  VoidSymbol  VoidSymbol  VoidSymbol  VoidSymbol  VoidSymbol  VoidSymbol  VoidSymbol  VoidSymbol  VoidSymbol 
keycode  23 = VoidSymbol  VoidSymbol  VoidSymbol  VoidSymbol  VoidSymbol  VoidSymbol  VoidSymbol  VoidSymbol  VoidSymbol  VoidSymbol  VoidSymbol  VoidSymbol  VoidSymbol  VoidSymbol  VoidSymbol  VoidSymbol 
keycode  24 = VoidSymbol  VoidSymbol  VoidSymbol  VoidSymbol  VoidSymbol  VoidSymbol  VoidSymbol  VoidSymbol  VoidSymbol  VoidSymbol  VoidSymbol  VoidSymbol  VoidSymbol  VoidSymbol  VoidSymbol  VoidSymbol 
keycode  25 = VoidSymbol  VoidSymbol  VoidSymbol  VoidSymbol  VoidSymbol  VoidSymbol  VoidSymbol  VoidSymbol  VoidSymbol  VoidSymbol  VoidSymbol  VoidSymbol  VoidSymbol  VoidSymbol  VoidSymbol  VoidSymbol 
keycode  26 = VoidSymbol  VoidSymbol  VoidSymbol  VoidSymbol  VoidSymbol  VoidSymbol  VoidSymbol  VoidSymbol  VoidSymbol  VoidSymbol  VoidSymbol  VoidSymbol  VoidSymbol  VoidSymbol  VoidSymbol  VoidSymbol 
keycode  27 = VoidSymbol  VoidSymbol  VoidSymbol  VoidSymbol  VoidSymbol  VoidSymbol  VoidSymbol  VoidSymbol  VoidSymbol  VoidSymbol  VoidSymbol  VoidSymbol  VoidSymbol  VoidSymbol  VoidSymbol  VoidSymbol 
keycode  28 = Return      Return      Return      Return      Return      Return      Return      Return      Return      Return      Return      Return      Return      Return      Return      Return     
keycode  29 = VoidSymbol  VoidSymbol  VoidSymbol  VoidSymbol  VoidSymbol  VoidSymbol  VoidSymbol  VoidSymbol  VoidSymbol  VoidSymbol  VoidSymbol  VoidSymbol  VoidSymbol  VoidSymbol  VoidSymbol  VoidSymbol 
keycode  30 = VoidSymbol  VoidSymbol  VoidSymbol  VoidSymbol  VoidSymbol  VoidSymbol  VoidSymbol  VoidSymbol  VoidSymbol  VoidSymbol  VoidSymbol  VoidSymbol  VoidSymbol  VoidSymbol  VoidSymbol  VoidSymbol 
keycode  31 = VoidSymbol  VoidSymbol  VoidSymbol  VoidSymbol  VoidSymbol  VoidSymbol  VoidSymbol  VoidSymbol  VoidSymbol  VoidSymbol  VoidSymbol  VoidSymbol  VoidSymbol  VoidSymbol  VoidSymbol  VoidSymbol 
keycode  32 = VoidSymbol  VoidSymbol  VoidSymbol  VoidSymbol  VoidSymbol  VoidSymbol  VoidSymbol  VoidSymbol  VoidSymbol  VoidSymbol  VoidSymbol  VoidSymbol  VoidSymbol  VoidSymbol  VoidSymbol  VoidSymbol 
keycode  33 = VoidSymbol  VoidSymbol  VoidSymbol  VoidSymbol  VoidSymbol  VoidSymbol  VoidSymbol  VoidSymbol  VoidSymbol  VoidSymbol  VoidSymbol  VoidSymbol  VoidSymbol  VoidSymbol  VoidSymbol  VoidSymbol 
keycode  34 = VoidSymbol  VoidSymbol  VoidSymbol  VoidSymbol  VoidSymbol  VoidSymbol  VoidSymbol  VoidSymbol  VoidSymbol  VoidSymbol  VoidSymbol  VoidSymbol  VoidSymbol  VoidSymbol  VoidSymbol  VoidSymbol 
keycode  35 = VoidSymbol  VoidSymbol  VoidSymbol  VoidSymbol  VoidSymbol  VoidSymbol  VoidSymbol  VoidSymbol  VoidSymbol  VoidSymbol  VoidSymbol  VoidSymbol  VoidSymbol  VoidSymbol  VoidSymbol  VoidSymbol 
keycode  36 = VoidSymbol  VoidSymbol  VoidSymbol  VoidSymbol  VoidSymbol  VoidSymbol  VoidSymbol  VoidSymbol  VoidSymbol  VoidSymbol  VoidSymbol  VoidSymbol  VoidSymbol  VoidSymbol  VoidSymbol  VoidSymbol 
keycode  37 = VoidSymbol  VoidSymbol  VoidSymbol  VoidSymbol  VoidSymbol  VoidSymbol  VoidSymbol  VoidSymbol  VoidSymbol  VoidSymbol  VoidSymbol  VoidSymbol  VoidSymbol  VoidSymbol  VoidSymbol  VoidSymbol 
keycode  38 = VoidSymbol  VoidSymbol  VoidSymbol  VoidSymbol  VoidSymbol  VoidSymbol  VoidSymbol  VoidSymbol  VoidSymbol  VoidSymbol  VoidSymbol  VoidSymbol  VoidSymbol  VoidSymbol  VoidSymbol  VoidSymbol 
keycode  39 = VoidSymbol  VoidSymbol  VoidSymbol  VoidSymbol  VoidSymbol  VoidSymbol  VoidSymbol  VoidSymbol  VoidSymbol  VoidSymbol  VoidSymbol  VoidSymbol  VoidSymbol  VoidSymbol  VoidSymbol  VoidSymbol 
keycode  40 = VoidSymbol  VoidSymbol  VoidSymbol  VoidSymbol  VoidSymbol  VoidSymbol  VoidSymbol  VoidSymbol  VoidSymbol  VoidSymbol  VoidSymbol  VoidSymbol  VoidSymbol  VoidSymbol  VoidSymbol  VoidSymbol 
keycode  41 = VoidSymbol  VoidSymbol  VoidSymbol  VoidSymbol  VoidSymbol  VoidSymbol  VoidSymbol  VoidSymbol  VoidSymbol  VoidSymbol  VoidSymbol  VoidSymbol  VoidSymbol  VoidSymbol  VoidSymbol  VoidSymbol 
keycode  42 = VoidSymbol  VoidSymbol  VoidSymbol  VoidSymbol  VoidSymbol  VoidSymbol  VoidSymbol  VoidSymbol  VoidSymbol  VoidSymbol  VoidSymbol  VoidSymbol  VoidSymbol  VoidSymbol  VoidSymbol  VoidSymbol 
keycode  43 = backslash   backslash   backslash   backslash   backslash   backslash   backslash   backslash   backslash   backslash   backslash   backslash   backslash   backslash   backslash   backslash  
keycode  44 = VoidSymbol  VoidSymbol  VoidSymbol  VoidSymbol  VoidSymbol  VoidSymbol  VoidSymbol  VoidSymbol  VoidSymbol  VoidSymbol  VoidSymbol  VoidSymbol  VoidSymbol  VoidSymbol  VoidSymbol  VoidSymbol 
keycode  45 = VoidSymbol  VoidSymbol  VoidSymbol  VoidSymbol  VoidSymbol  VoidSymbol  VoidSymbol  VoidSymbol  VoidSymbol  VoidSymbol  VoidSymbol  VoidSymbol  VoidSymbol  VoidSymbol  VoidSymbol  VoidSymbol 
keycode  46 = VoidSymbol  VoidSymbol  VoidSymbol  VoidSymbol  VoidSymbol  VoidSymbol  VoidSymbol  VoidSymbol  VoidSymbol  VoidSymbol  VoidSymbol  VoidSymbol  VoidSymbol  VoidSymbol  VoidSymbol  VoidSymbol 
keycode  47 = VoidSymbol  VoidSymbol  VoidSymbol  VoidSymbol  VoidSymbol  VoidSymbol  VoidSymbol  VoidSymbol  VoidSymbol  VoidSymbol  VoidSymbol  VoidSymbol  VoidSymbol  VoidSymbol  VoidSymbol  VoidSymbol 
keycode  48 = VoidSymbol  VoidSymbol  VoidSymbol  VoidSymbol  VoidSymbol  VoidSymbol  VoidSymbol  VoidSymbol  VoidSymbol  VoidSymbol  VoidSymbol  VoidSymbol  VoidSymbol  VoidSymbol  VoidSymbol  VoidSymbol 
keycode  49 = VoidSymbol  VoidSymbol  VoidSymbol  VoidSymbol  VoidSymbol  VoidSymbol  VoidSymbol  VoidSymbol  VoidSymbol  VoidSymbol  VoidSymbol  VoidSymbol  VoidSymbol  VoidSymbol  VoidSymbol  VoidSymbol 
keycode  50 = VoidSymbol  VoidSymbol  VoidSymbol  VoidSymbol  VoidSymbol  VoidSymbol  VoidSymbol  VoidSymbol  VoidSymbol  VoidSymbol  VoidSymbol  VoidSymbol  VoidSymbol  VoidSymbol  VoidSymbol  VoidSymbol 
keycode  51 = comma       comma       comma       comma       comma       comma       comma       comma       comma       comma       comma       comma       comma       comma       comma       comma      
keycode  52 = period      period      period      period      period      period      period      period      period      period      period      period      period      period      period      period     
keycode  53 = slash       slash       slash       slash       slash       slash       slash       slash       slash       slash       slash       slash       slash       slash       slash       slash      
keycode  54 = VoidSymbol  VoidSymbol  VoidSymbol  VoidSymbol  VoidSymbol  VoidSymbol  VoidSymbol  VoidSymbol  VoidSymbol  VoidSymbol  VoidSymbol  VoidSymbol  VoidSymbol  VoidSymbol  VoidSymbol  VoidSymbol 
keycode  55 = VoidSymbol  VoidSymbol  VoidSymbol  VoidSymbol  VoidSymbol  VoidSymbol  VoidSymbol  VoidSymbol  VoidSymbol  VoidSymbol  VoidSymbol  VoidSymbol  VoidSymbol  VoidSymbol  VoidSymbol  VoidSymbol 
keycode  56 = VoidSymbol  VoidSymbol  VoidSymbol  VoidSymbol  VoidSymbol  VoidSymbol  VoidSymbol  VoidSymbol  VoidSymbol  VoidSymbol  VoidSymbol  VoidSymbol  VoidSymbol  VoidSymbol  VoidSymbol  VoidSymbol 
keycode  57 = space       space       space       space       space       space       space       space       space       space       space       space       space       space       space       space      
keycode  58 = VoidSymbol  VoidSymbol  VoidSymbol  VoidSymbol  VoidSymbol  VoidSymbol  VoidSymbol  VoidSymbol  VoidSymbol  VoidSymbol  VoidSymbol  VoidSymbol  VoidSymbol  VoidSymbol  VoidSymbol  VoidSymbol 
keycode  59 = F1          F1          F1          F1          F1          F1          F1          F1          F1          F1          F1          F1          F1          F1          F1          F1         
keycode  60 = F2          F2          F2          F2          F2          F2          F2          F2          F2          F2          F2          F2          F2          F2          F2          F2         
keycode  61 = F3          F3          F3          F3          F3          F3          F3          F3          F3          F3          F3          F3          F3          F3          F3          F3         
keycode  62 = F4          F4          F4          F4          F4          F4          F4          F4          F4          F4          F4          F4          F4          F4          F4          F4         
keycode  63 = F5          F5          F5          F5          F5          F5          F5          F5          F5          F5          F5          F5          F5          F5          F5          F5         
keycode  64 = F6          F6          F6          F6          F6          F6          F6          F6          F6          F6          F6          F6          F6          F6          F6          F6         
keycode  65 = F7          F7          F7          F7          F7          F7          F7          F7          F7          F7          F7          F7          F7          F7          F7          F7         
keycode  66 = F8          F8          F8          F8          F8          F8          F8          F8          F8          F8          F8          F8          F8          F8          F8          F8         
keycode  67 = F9          F9          F9          F9          F9          F9          F9          F9          F9          F9          F9          F9          F9          F9          F9          F9         
keycode  68 = F10         F10         F10         F10         F10         F10         F10         F10         F10         F10         F10         F10         F10         F10         F10         F10        
keycode  69 = VoidSymbol  VoidSymbol  VoidSymbol  VoidSymbol  VoidSymbol  VoidSymbol  VoidSymbol  VoidSymbol  VoidSymbol  VoidSymbol  VoidSymbol  VoidSymbol  VoidSymbol  VoidSymbol  VoidSymbol  VoidSymbol 
keycode  70 = VoidSymbol  VoidSymbol  VoidSymbol  VoidSymbol  VoidSymbol  VoidSymbol  VoidSymbol  VoidSymbol  VoidSymbol  VoidSymbol  VoidSymbol  VoidSymbol  VoidSymbol  VoidSymbol  VoidSymbol  VoidSymbol 
keycode  71 = KP_7        KP_7        KP_7        KP_7        KP_7        KP_7        KP_7        KP_7        KP_7        KP_7        KP_7        KP_7        KP_7        KP_7        KP_7        KP_7       
keycode  72 = KP_8        KP_8        KP_8        KP_8        KP_8        KP_8        KP_8        KP_8        KP_8        KP_8        KP_8        KP_8        KP_8        KP_8        KP_8        KP_8       
keycode  73 = KP_9        KP_9        KP_9        KP_9        KP_9        KP_9        KP_9        KP_9        KP_9        KP_9        KP_9        KP_9        KP_9        KP_9        KP_9        KP_9       
keycode  74 = KP_Subtract KP_Subtract KP_Subtract KP_Subtract KP_Subtract KP_Subtract KP_Subtract KP_Subtract KP_Subtract KP_Subtract KP_Subtract KP_Subtract KP_Subtract KP_Subtract KP_Subtract KP_Subtract
keycode  75 = KP_4        KP_4        KP_4        KP_4        KP_4        KP_4        KP_4        KP_4        KP_4        KP_4        KP_4        KP_4        KP_4        KP_4        KP_4        KP_4       
keycode  76 = KP_5        KP_5        KP_5        KP_5        KP_5        KP_5        KP_5        KP_5        KP_5        KP_5        KP_5        KP_5        KP_5        KP_5        KP_5        KP_5       
keycode  77 = KP_6        KP_6        KP_6        KP_6        KP_6        KP_6        KP_6        KP_6        KP_6        KP_6        KP_6        KP_6        KP_6        KP_6        KP_6        KP_6       
keycode  78 = KP_Add      KP_Add      KP_Add      KP_Add      KP_Add      KP_Add      KP_Add      KP_Add      KP_Add      KP_Add      KP_Add      KP_Add      KP_Add      KP_Add      KP_Add      KP_Add     
keycode  79 = KP_1        KP_1        KP_1        KP_1        KP_1        KP_1        KP_1        KP_1        KP_1        KP_1        KP_1        KP_1        KP_1        KP_1        KP_1        KP_1       
keycode  80 = KP_2        KP_2        KP_2        KP_2        KP_2        KP_2        KP_2        KP_2        KP_2        KP_2        KP_2        KP_2        KP_2        KP_2        KP_2        KP_2       
keycode  81 = KP_3        KP_3        KP_3        KP_3        KP_3        KP_3        KP_3        KP_3        KP_3        KP_3        KP_3        KP_3        KP_3        KP_3        KP_3        KP_3       
keycode  82 = KP_0        KP_0        KP_0        KP_0        KP_0        KP_0        KP_0        KP_0        KP_0        KP_0        KP_0        KP_0        KP_0        KP_0        KP_0        KP_0       
keycode  83 = KP_Period   KP_Period   KP_Period   KP_Period   KP_Period   KP_Period   KP_Period   KP_Period   KP_Period   KP_Period   KP_Period   KP_Period   KP_Period   KP_Period   KP_Period   KP_Period  
keycode  84 = VoidSymbol  VoidSymbol  VoidSymbol  VoidSymbol  VoidSymbol  VoidSymbol  VoidSymbol  VoidSymbol  VoidSymbol  VoidSymbol  VoidSymbol  VoidSymbol  VoidSymbol  VoidSymbol  VoidSymbol  VoidSymbol 
keycode  85 = VoidSymbol  VoidSymbol  VoidSymbol  VoidSymbol  VoidSymbol  VoidSymbol  VoidSymbol  VoidSymbol  VoidSymbol  VoidSymbol  VoidSymbol  VoidSymbol  VoidSymbol  VoidSymbol  VoidSymbol  VoidSymbol 
keycode  86 = VoidSymbol  VoidSymbol  VoidSymbol  VoidSymbol  VoidSymbol  VoidSymbol  VoidSymbol  VoidSymbol  VoidSymbol  VoidSymbol  VoidSymbol  VoidSymbol  VoidSymbol  VoidSymbol  VoidSymbol  VoidSymbol 
keycode  87 = F11         F11         F11         F11         F11         F11         F11         F11         F11         F11         F11         F11         F11         F11         F11         F11        
keycode  88 = F12         F12         F12         F12         F12         F12         F12         F12         F12         F12         F12         F12         F12         F12         F12         F12        
keycode  89 = VoidSymbol  VoidSymbol  VoidSymbol  VoidSymbol  VoidSymbol  VoidSymbol  VoidSymbol  VoidSymbol  VoidSymbol  VoidSymbol  VoidSymbol  VoidSymbol  VoidSymbol  VoidSymbol  VoidSymbol  VoidSymbol 
keycode  90 = VoidSymbol  VoidSymbol  VoidSymbol  VoidSymbol  VoidSymbol  VoidSymbol  VoidSymbol  VoidSymbol  VoidSymbol  VoidSymbol  VoidSymbol  VoidSymbol  VoidSymbol  VoidSymbol  VoidSymbol  VoidSymbol 
keycode  91 = VoidSymbol  VoidSymbol  VoidSymbol  VoidSymbol  VoidSymbol  VoidSymbol  VoidSymbol  VoidSymbol  VoidSymbol  VoidSymbol  VoidSymbol  VoidSymbol  VoidSymbol  VoidSymbol  VoidSymbol  VoidSymbol 
keycode  92 = VoidSymbol  VoidSymbol  VoidSymbol  VoidSymbol  VoidSymbol  VoidSymbol  VoidSymbol  VoidSymbol  VoidSymbol  VoidSymbol  VoidSymbol  VoidSymbol  VoidSymbol  VoidSymbol  VoidSymbol  VoidSymbol 
keycode  93 = VoidSymbol  VoidSymbol  VoidSymbol  VoidSymbol  VoidSymbol  VoidSymbol  VoidSymbol  VoidSymbol  VoidSymbol  VoidSymbol  VoidSymbol  VoidSymbol  VoidSymbol  VoidSymbol  VoidSymbol  VoidSymbol 
keycode  94 = VoidSymbol  VoidSymbol  VoidSymbol  VoidSymbol  VoidSymbol  VoidSymbol  VoidSymbol  VoidSymbol  VoidSymbol  VoidSymbol  VoidSymbol  VoidSymbol  VoidSymbol  VoidSymbol  VoidSymbol  VoidSymbol 
keycode  95 = VoidSymbol  VoidSymbol  VoidSymbol  VoidSymbol  VoidSymbol  VoidSymbol  VoidSymbol  VoidSymbol  VoidSymbol  VoidSymbol  VoidSymbol  VoidSymbol  VoidSymbol  VoidSymbol  VoidSymbol  VoidSymbol 
keycode  96 = KP_Enter    KP_Enter    KP_Enter    KP_Enter    KP_Enter    KP_Enter    KP_Enter    KP_Enter    KP_Enter    KP_Enter    KP_Enter    KP_Enter    KP_Enter    KP_Enter    KP_Enter    KP_Enter   
keycode  97 = VoidSymbol  VoidSymbol  VoidSymbol  VoidSymbol  VoidSymbol  VoidSymbol  VoidSymbol  VoidSymbol  VoidSymbol  VoidSymbol  VoidSymbol  VoidSymbol  VoidSymbol  VoidSymbol  VoidSymbol  VoidSymbol 
keycode  98 = VoidSymbol  VoidSymbol  VoidSymbol  VoidSymbol  VoidSymbol  VoidSymbol  VoidSymbol  VoidSymbol  VoidSymbol  VoidSymbol  VoidSymbol  VoidSymbol  VoidSymbol  VoidSymbol  VoidSymbol  VoidSymbol 
keycode  99 = VoidSymbol  VoidSymbol  VoidSymbol  VoidSymbol  VoidSymbol  VoidSymbol  VoidSymbol  VoidSymbol  VoidSymbol  VoidSymbol  VoidSymbol  VoidSymbol  VoidSymbol  VoidSymbol  VoidSymbol  VoidSymbol 
keycode 100 = VoidSymbol  VoidSymbol  VoidSymbol  VoidSymbol  VoidSymbol  VoidSymbol  VoidSymbol  VoidSymbol  VoidSymbol  VoidSymbol  VoidSymbol  VoidSymbol  VoidSymbol  VoidSymbol  VoidSymbol  VoidSymbol 
keycode 101 = VoidSymbol  VoidSymbol  VoidSymbol  VoidSymbol  VoidSymbol  VoidSymbol  VoidSymbol  VoidSymbol  VoidSymbol  VoidSymbol  VoidSymbol  VoidSymbol  VoidSymbol  VoidSymbol  VoidSymbol  VoidSymbol 
keycode 102 = Find        Find        Find        Find        Find        Find        Find        Find        Find        Find        Find        Find        Find        Find        Find        Find       
keycode 103 = Up          Up          Up          Up          Up          Up          Up          Up          Up          Up          Up          Up          Up          Up          Up          Up         
keycode 104 = Prior       Prior       Prior       Prior       Prior       Prior       Prior       Prior       Prior       Prior       Prior       Prior       Prior       Prior       Prior       Prior      
keycode 105 = Left        Left        Left        Left        Left        Left        Left        Left        Left        Left        Left        Left        Left        Left        Left        Left       
keycode 106 = Right       Right       Right       Right       Right       Right       Right       Right       Right       Right       Right       Right       Right       Right       Right       Right      
keycode 107 = Select      Select      Select      Select      Select      Select      Select      Select      Select      Select      Select      Select      Select      Select      Select      Select     
keycode 108 = Down        Down        Down        Down        Down        Down        Down        Down        Down        Down        Down        Down        Down        Down        Down        Down       
keycode 109 = Next        Next        Next        Next        Next        Next        Next        Next        Next        Next        Next        Next        Next        Next        Next        Next       
keycode 110 = Insert      Insert      Insert      Insert      Insert      Insert      Insert      Insert      Insert      Insert      Insert      Insert      Insert      Insert      Insert      Insert     
keycode 111 = Remove      Remove      Remove      Remove      Remove      Remove      Remove      Remove      Remove      Remove      Remove      Remove      Remove      Remove      Remove      Remove     
keycode 112 = VoidSymbol  VoidSymbol  VoidSymbol  VoidSymbol  VoidSymbol  VoidSymbol  VoidSymbol  VoidSymbol  VoidSymbol  VoidSymbol  VoidSymbol  VoidSymbol  VoidSymbol  VoidSymbol  VoidSymbol  VoidSymbol 
keycode 113 = VoidSymbol  VoidSymbol  VoidSymbol  VoidSymbol  VoidSymbol  VoidSymbol  VoidSymbol  VoidSymbol  VoidSymbol  VoidSymbol  VoidSymbol  VoidSymbol  VoidSymbol  VoidSymbol  VoidSymbol  VoidSymbol 
keycode 114 = VoidSymbol  VoidSymbol  VoidSymbol  VoidSymbol  VoidSymbol  VoidSymbol  VoidSymbol  VoidSymbol  VoidSymbol  VoidSymbol  VoidSymbol  VoidSymbol  VoidSymbol  VoidSymbol  VoidSymbol  VoidSymbol 
keycode 115 = VoidSymbol  VoidSymbol  VoidSymbol  VoidSymbol  VoidSymbol  VoidSymbol  VoidSymbol  VoidSymbol  VoidSymbol  VoidSymbol  VoidSymbol  VoidSymbol  VoidSymbol  VoidSymbol  VoidSymbol  VoidSymbol 
keycode 116 = VoidSymbol  VoidSymbol  VoidSymbol  VoidSymbol  VoidSymbol  VoidSymbol  VoidSymbol  VoidSymbol  VoidSymbol  VoidSymbol  VoidSymbol  VoidSymbol  VoidSymbol  VoidSymbol  VoidSymbol  VoidSymbol 
keycode 117 = VoidSymbol  VoidSymbol  VoidSymbol  VoidSymbol  VoidSymbol  VoidSymbol  VoidSymbol  VoidSymbol  VoidSymbol  VoidSymbol  VoidSymbol  VoidSymbol  VoidSymbol  VoidSymbol  VoidSymbol  VoidSymbol 
keycode 118 = VoidSymbol  VoidSymbol  VoidSymbol  VoidSymbol  VoidSymbol  VoidSymbol  VoidSymbol  VoidSymbol  VoidSymbol  VoidSymbol  VoidSymbol  VoidSymbol  VoidSymbol  VoidSymbol  VoidSymbol  VoidSymbol 
keycode 119 = VoidSymbol  VoidSymbol  VoidSymbol  VoidSymbol  VoidSymbol  VoidSymbol  VoidSymbol  VoidSymbol  VoidSymbol  VoidSymbol  VoidSymbol  VoidSymbol  VoidSymbol  VoidSymbol  VoidSymbol  VoidSymbol 
keycode 120 = VoidSymbol  VoidSymbol  VoidSymbol  VoidSymbol  VoidSymbol  VoidSymbol  VoidSymbol  VoidSymbol  VoidSymbol  VoidSymbol  VoidSymbol  VoidSymbol  VoidSymbol  VoidSymbol  VoidSymbol  VoidSymbol 
keycode 121 = VoidSymbol  VoidSymbol  VoidSymbol  VoidSymbol  VoidSymbol  VoidSymbol  VoidSymbol  VoidSymbol  VoidSymbol  VoidSymbol  VoidSymbol  VoidSymbol  VoidSymbol  VoidSymbol  VoidSymbol  VoidSymbol 
keycode 122 = VoidSymbol  VoidSymbol  VoidSymbol  VoidSymbol  VoidSymbol  VoidSymbol  VoidSymbol  VoidSymbol  VoidSymbol  VoidSymbol  VoidSymbol  VoidSymbol  VoidSymbol  VoidSymbol  VoidSymbol  VoidSymbol 
keycode 123 = VoidSymbol  VoidSymbol  VoidSymbol  VoidSymbol  VoidSymbol  VoidSymbol  VoidSymbol  VoidSymbol  VoidSymbol  VoidSymbol  VoidSymbol  VoidSymbol  VoidSymbol  VoidSymbol  VoidSymbol  VoidSymbol 
keycode 124 = VoidSymbol  VoidSymbol  VoidSymbol  VoidSymbol  VoidSymbol  VoidSymbol  VoidSymbol  VoidSymbol  VoidSymbol  VoidSymbol  VoidSymbol  VoidSymbol  VoidSymbol  VoidSymbol  VoidSymbol  VoidSymbol 
keycode 125 = VoidSymbol  VoidSymbol  VoidSymbol  VoidSymbol  VoidSymbol  VoidSymbol  VoidSymbol  VoidSymbol  VoidSymbol  VoidSymbol  VoidSymbol  VoidSymbol  VoidSymbol  VoidSymbol  VoidSymbol  VoidSymbol 
keycode 126 = VoidSymbol  VoidSymbol  VoidSymbol  VoidSymbol  VoidSymbol  VoidSymbol  VoidSymbol  VoidSymbol  VoidSymbol  VoidSymbol  VoidSymbol  VoidSymbol  VoidSymbol  VoidSymbol  VoidSymbol  VoidSymbol 
keycode 127 = VoidSymbol  VoidSymbol  VoidSymbol  VoidSymbol  VoidSymbol  VoidSymbol  VoidSymbol  VoidSymbol  VoidSymbol  VoidSymbol  VoidSymbol  VoidSymbol  VoidSymbol  VoidSymbol  VoidSymbol  VoidSymbol 
keycode 128 = nul         nul         nul         nul         nul         nul         nul         nul         nul         nul         nul         nul         nul         nul         nul         nul        
keycode 129 = nul         nul         nul         nul         nul         nul         nul         nul         nul         nul         nul         nul         nul         nul         nul         nul        
keycode 130 = nul         nul         nul         nul         nul         nul         nul         nul         nul         nul         nul         nul         nul         nul         nul         nul        
keycode 131 = nul         nul         nul         nul         nul         nul         nul         nul         nul         nul         nul         nul         nul         nul         nul         nul        
keycode 132 = nul         nul         nul         nul         nul         nul         nul         nul         nul         nul         nul         nul         nul         nul         nul         nul        
keycode 133 = nul         nul         nul         nul         nul         nul         nul         nul         nul         nul         nul         nul         nul         nul         nul         nul        
keycode 134 = nul         nul         nul         nul         nul         nul         nul         nul         nul         nul         nul         nul         nul         nul         nul         nul        
keycode 135 = nul         nul         nul         nul         nul         nul         nul         nul         nul         nul         nul         nul         nul         nul         nul         nul        
keycode 136 = nul         nul         nul         nul         nul         nul         nul         nul         nul         nul         nul         nul         nul         nul         nul         nul        
keycode 137 = nul         nul         nul         nul         nul         nul         nul         nul         nul         nul         nul         nul         nul         nul         nul         nul        
keycode 138 = nul         nul         nul         nul         nul         nul         nul         nul         nul         nul         nul         nul         nul         nul         nul         nul        
keycode 139 = nul         nul         nul         nul         nul         nul         nul         nul         nul         nul         nul         nul         nul         nul         nul         nul        
keycode 140 = nul         nul         nul         nul         nul         nul         nul         nul         nul         nul         nul         nul         nul         nul         nul         nul        
keycode 141 = nul         nul         nul         nul         nul         nul         nul         nul         nul         nul         nul         nul         nul         nul         nul         nul        
keycode 142 = nul         nul         nul         nul         nul         nul         nul         nul         nul         nul         nul         nul         nul         nul         nul         nul        
keycode 143 = nul         nul         nul         nul         nul         nul         nul         nul         nul         nul         nul         nul         nul         nul         nul         nul        
keycode 144 = nul         nul         nul         nul         nul         nul         nul         nul         nul         nul         nul         nul         nul         nul         nul         nul        
keycode 145 = nul         nul         nul         nul         nul         nul         nul         nul         nul         nul         nul         nul         nul         nul         nul         nul        
keycode 146 = nul         nul         nul         nul         nul         nul         nul         nul         nul         nul         nul         nul         nul         nul         nul         nul        
keycode 147 = nul         nul         nul         nul         nul         nul         nul         nul         nul         nul         nul         nul         nul         nul         nul         nul        
keycode 148 = nul         nul         nul         nul         nul         nul         nul         nul         nul         nul         nul         nul         nul         nul         nul         nul        
keycode 149 = nul         nul         nul         nul         nul         nul         nul         nul         nul         nul         nul         nul         nul         nul         nul         nul        
keycode 150 = nul         nul         nul         nul         nul         nul         nul         nul         nul         nul         nul         nul         nul         nul         nul         nul        
keycode 151 = nul         nul         nul         nul         nul         nul         nul         nul         nul         nul         nul         nul         nul         nul         nul         nul        
keycode 152 = nul         nul         nul         nul         nul         nul         nul         nul         nul         nul         nul         nul         nul         nul         nul         nul        
keycode 153 = nul         nul         nul         nul         nul         nul         nul         nul         nul         nul         nul         nul         nul         nul         nul         nul        
keycode 154 = nul         nul         nul         nul         nul         nul         nul         nul         nul         nul         nul         nul         nul         nul         nul         nul        
keycode 155 = nul         nul         nul         nul         nul         nul         nul         nul         nul         nul         nul         nul         nul         nul         nul         nul        
keycode 156 = nul         nul         nul         nul         nul         nul         nul         nul         nul         nul         nul         nul         nul         nul         nul         nul        
keycode 157 = nul         nul         nul         nul         nul         nul         nul         nul         nul         nul         nul         nul         nul         nul         nul         nul        
keycode 158 = nul         nul         nul         nul         nul         nul         nul         nul         nul         nul         nul         nul         nul         nul         nul         nul        
keycode 159 = nul         nul         nul         nul         nul         nul         nul         nul         nul         nul         nul         nul         nul         nul         nul         nul        
keycode 160 = nul         nul         nul         nul         nul         nul         nul         nul         nul         nul         nul         nul         nul         nul         nul         nul        
keycode 161 = nul         nul         nul         nul         nul         nul         nul         nul         nul         nul         nul         nul         nul         nul         nul         nul        
keycode 162 = nul         nul         nul         nul         nul         nul         nul         nul         nul         nul         nul         nul         nul         nul         nul         nul        
keycode 163 = nul         nul         nul         nul         nul         nul         nul         nul         nul         nul         nul         nul         nul         nul         nul         nul        
keycode 164 = nul         nul         nul         nul         nul         nul         nul         nul         nul         nul         nul         nul         nul         nul         nul         nul        
keycode 165 = nul         nul         nul         nul         nul         nul         nul         nul         nul         nul         nul         nul         nul         nul         nul         nul        
keycode 166 = nul         nul         nul         nul         nul         nul         nul         nul         nul         nul         nul         nul         nul         nul         nul         nul        
keycode 167 = nul         nul         nul         nul         nul         nul         nul         nul         nul         nul         nul         nul         nul         nul         nul         nul        
keycode 168 = nul         nul         nul         nul         nul         nul         nul         nul         nul         nul         nul         nul         nul         nul         nul         nul        
keycode 169 = nul         nul         nul         nul         nul         nul         nul         nul         nul         nul         nul         nul         nul         nul         nul         nul        
keycode 170 = nul         nul         nul         nul         nul         nul         nul         nul         nul         nul         nul         nul         nul         nul         nul         nul        
keycode 171 = nul         nul         nul         nul         nul         nul         nul         nul         nul         nul         nul         nul         nul         nul         nul         nul        
keycode 172 = nul         nul         nul         nul         nul         nul         nul         nul         nul         nul         nul         nul         nul         nul         nul         nul        
keycode 173 = nul         nul         nul         nul         nul         nul         nul         nul         nul         nul         nul         nul         nul         nul         nul         nul        
keycode 174 = nul         nul         nul         nul         nul         nul         nul         nul         nul         nul         nul         nul         nul         nul         nul         nul        
keycode 175 = nul         nul         nul         nul         nul         nul         nul         nul         nul         nul         nul         nul         nul         nul         nul         nul        
keycode 176 = nul         nul         nul         nul         nul         nul         nul         nul         nul         nul         nul         nul         nul         nul         nul         nul        
keycode 177 = nul         nul         nul         nul         nul         nul         nul         nul         nul         nul         nul         nul         nul         nul         nul         nul        
keycode 178 = nul         nul         nul         nul         nul         nul         nul         nul         nul         nul         nul         nul         nul         nul         nul         nul        
keycode 179 = nul         nul         nul         nul         nul         nul         nul         nul         nul         nul         nul         nul         nul         nul         nul         nul        
keycode 180 = nul         nul         nul         nul         nul         nul         nul         nul         nul         nul         nul         nul         nul         nul         nul         nul        
keycode 181 = nul         nul         nul         nul         nul         nul         nul         nul         nul         nul         nul         nul         nul         nul         nul         nul        
keycode 182 = nul         nul         nul         nul         nul         nul         nul         nul         nul         nul         nul         nul         nul         nul         nul         nul        
keycode 183 = nul         nul         nul         nul         nul         nul         nul         nul         nul         nul         nul         nul         nul         nul         nul         nul        
keycode 184 = nul         nul         nul         nul         nul         nul         nul         nul         nul         nul         nul         nul         nul         nul         nul         nul        
keycode 185 = nul         nul         nul         nul         nul         nul         nul         nul         nul         nul         nul         nul         nul         nul         nul         nul        
keycode 186 = nul         nul         nul         nul         nul         nul         nul         nul         nul         nul         nul         nul         nul         nul         nul         nul        
keycode 187 = nul         nul         nul         nul         nul         nul         nul         nul         nul         nul         nul         nul         nul         nul         nul         nul        
keycode 188 = nul         nul         nul         nul         nul         nul         nul         nul         nul         nul         nul         nul         nul         nul         nul         nul        
keycode 189 = nul         nul         nul         nul         nul         nul         nul         nul         nul         nul         nul         nul         nul         nul         nul         nul        
keycode 190 = nul         nul         nul         nul         nul         nul         nul         nul         nul         nul         nul         nul         nul         nul         nul         nul        
keycode 191 = nul         nul         nul         nul         nul         nul         nul         nul         nul         nul         nul         nul         nul         nul         nul         nul        
keycode 192 = nul         nul         nul         nul         nul         nul         nul         nul         nul         nul         nul         nul         nul         nul         nul         nul        
keycode 193 = nul         nul         nul         nul         nul         nul         nul         nul         nul         nul         nul         nul         nul         nul         nul         nul        
keycode 194 = nul         nul         nul         nul         nul         nul         nul         nul         nul         nul         nul         nul         nul         nul         nul         nul        
keycode 195 = nul         nul         nul         nul         nul         nul         nul         nul         nul         nul         nul         nul         nul         nul         nul         nul        
keycode 196 = nul         nul         nul         nul         nul         nul         nul         nul         nul         nul         nul         nul         nul         nul         nul         nul        
keycode 197 = nul         nul         nul         nul         nul         nul         nul         nul         nul         nul         nul         nul         nul         nul         nul         nul        
keycode 198 = nul         nul         nul         nul         nul         nul         nul         nul         nul         nul         nul         nul         nul         nul         nul         nul        
keycode 199 = nul         nul         nul         nul         nul         nul         nul         nul         nul         nul         nul         nul         nul         nul         nul         nul        
keycode 200 = nul         nul         nul         nul         nul         nul         nul         nul         nul         nul         nul         nul         nul         nul         nul         nul        
keycode 201 = nul         nul         nul         nul         nul         nul         nul         nul         nul         nul         nul         nul         nul         nul         nul         nul        
keycode 202 = nul         nul         nul         nul         nul         nul         nul         nul         nul         nul         nul         nul         nul         nul         nul         nul        
keycode 203 = nul         nul         nul         nul         nul         nul         nul         nul         nul         nul         nul         nul         nul         nul         nul         nul        
keycode 204 = nul         nul         nul         nul         nul         nul         nul         nul         nul         nul         nul         nul         nul         nul         nul         nul        
keycode 205 = nul         nul         nul         nul         nul         nul         nul         nul         nul         nul         nul         nul         nul         nul         nul         nul        
keycode 206 = nul         nul         nul         nul         nul         nul         nul         nul         nul         nul         nul         nul         nul         nul         nul         nul        
keycode 207 = nul         nul         nul         nul         nul         nul         nul         nul         nul         nul         nul         nul         nul         nul         nul         nul        
keycode 208 = nul         nul         nul         nul         nul         nul         nul         nul         nul         nul         nul         nul         nul         nul         nul         nul        
keycode 209 = nul         nul         nul         nul         nul         nul         nul         nul         nul         nul         nul         nul         nul         nul         nul         nul        
keycode 210 = nul         nul         nul         nul         nul         nul         nul         nul         nul         nul         nul         nul         nul         nul         nul         nul        
keycode 211 = nul         nul         nul         nul         nul         nul         nul         nul         nul         nul         nul         nul         nul         nul         nul         nul        
keycode 212 = nul         nul         nul         nul         nul         nul         nul         nul         nul         nul         nul         nul         nul         nul         nul         nul        
keycode 213 = nul         nul         nul         nul         nul         nul         nul         nul         nul         nul         nul         nul         nul         nul         nul         nul        
keycode 214 = nul         nul         nul         nul         nul         nul         nul         nul         nul         nul         nul         nul         nul         nul         nul         nul        
keycode 215 = nul         nul         nul         nul         nul         nul         nul         nul         nul         nul         nul         nul         nul         nul         nul         nul        
keycode 216 = nul         nul         nul         nul         nul         nul         nul         nul         nul         nul         nul         nul         nul         nul         nul         nul        
keycode 217 = nul         nul         nul         nul         nul         nul         nul         nul         nul         nul         nul         nul         nul         nul         nul         nul        
keycode 218 = nul         nul         nul         nul         nul         nul         nul         nul         nul         nul         nul         nul         nul         nul         nul         nul        
keycode 219 = nul         nul         nul         nul         nul         nul         nul         nul         nul         nul         nul         nul         nul         nul         nul         nul        
keycode 220 = nul         nul         nul         nul         nul         nul         nul         nul         nul         nul         nul         nul         nul         nul         nul         nul        
keycode 221 = nul         nul         nul         nul         nul         nul         nul         nul         nul         nul         nul         nul         nul         nul         nul         nul        
keycode 222 = nul         nul         nul         nul         nul         nul         nul         nul         nul         nul         nul         nul         nul         nul         nul         nul        
keycode 223 = nul         nul         nul         nul         nul         nul         nul         nul         nul         nul         nul         nul         nul         nul         nul         nul        
keycode 224 = nul         nul         nul         nul         nul         nul         nul         nul         nul         nul         nul         nul         nul         nul         nul         nul        
keycode 225 = nul         nul         nul         nul         nul         nul         nul         nul         nul         nul         nul         nul         nul         nul         nul         nul        
keycode 226 = nul         nul         nul         nul         nul         nul         nul         nul         nul         nul         nul         nul         nul         nul         nul         nul        
keycode 227 = nul         nul         nul         nul         nul         nul         nul         nul         nul         nul         nul         nul         nul         nul         nul         nul        
keycode 228 = nul         nul         nul         nul         nul         nul         nul         nul         nul         nul         nul         nul         nul         nul         nul         nul        
keycode 229 = nul         nul         nul         nul         nul         nul         nul         nul         nul         nul         nul         nul         nul         nul         nul         nul        
keycode 230 = nul         nul         nul         nul         nul         nul         nul         nul         nul         nul         nul         nul         nul         nul         nul         nul        
keycode 231 = nul         nul         nul         nul         nul         nul         nul         nul         nul         nul         nul         nul         nul         nul         nul         nul        
keycode 232 = nul         nul         nul         nul         nul         nul         nul         nul         nul         nul         nul         nul         nul         nul         nul         nul        
keycode 233 = nul         nul         nul         nul         nul         nul         nul         nul         nul         nul         nul         nul         nul         nul         nul         nul        
keycode 234 = nul         nul         nul         nul         nul         nul         nul         nul         nul         nul         nul         nul         nul         nul         nul         nul        
keycode 235 = nul         nul         nul         nul         nul         nul         nul         nul         nul         nul         nul         nul         nul         nul         nul         nul        
keycode 236 = nul         nul         nul         nul         nul         nul         nul         nul         nul         nul         nul         nul         nul         nul         nul         nul        
keycode 237 = nul         nul         nul         nul         nul         nul         nul         nul         nul         nul         nul         nul         nul         nul         nul         nul        
keycode 238 = nul         nul         nul         nul         nul         nul         nul         nul         nul         nul         nul         nul         nul         nul         nul         nul        
keycode 239 = nul         nul         nul         nul         nul         nul         nul         nul         nul         nul         nul         nul         nul         nul         nul         nul        
keycode 240 = nul         nul         nul         nul         nul         nul         nul         nul         nul         nul         nul         nul         nul         nul         nul         nul        
keycode 241 = nul         nul         nul         nul         nul         nul         nul         nul         nul         nul         nul         nul         nul         nul         nul         nul        
keycode 242 = nul         nul         nul         nul         nul         nul         nul         nul         nul         nul         nul         nul         nul         nul         nul         nul        
keycode 243 = nul         nul         nul         nul         nul         nul         nul         nul         nul         nul         nul         nul         nul         nul         nul         nul        
keycode 244 = nul         nul         nul         nul         nul         nul         nul         nul         nul         nul         nul         nul         nul         nul         nul         nul        
keycode 245 = nul         nul         nul         nul         nul         nul         nul         nul         nul         nul         nul         nul         nul         nul         nul         nul        
keycode 246 = nul         nul         nul         nul         nul         nul         nul         nul         nul         nul         nul         nul         nul         nul         nul         nul        
keycode 247 = nul         nul         nul         nul         nul         nul         nul         nul         nul         nul         nul         nul         nul         nul         nul         nul        
keycode 248 = nul         nul         nul         nul         nul         nul         nul         nul         nul         nul         nul         nul         nul         nul         nul         nul        
keycode 249 = nul         nul         nul         nul         nul         nul         nul         nul         nul         nul         nul         nul         nul         nul         nul         nul        
keycode 250 = nul         nul         nul         nul         nul         nul         nul         nul         nul         nul         nul         nul         nul         nul         nul         nul        
keycode 251 = nul         nul         nul         nul         nul         nul         nul         nul         nul         nul         nul         nul         nul         nul         nul         nul        
keycode 252 = nul         nul         nul         nul         nul         nul         nul         nul         nul         nul         nul         nul         nul         nul         nul         nul        
keycode 253 = nul         nul         nul         nul         nul         nul         nul         nul         nul         nul         nul         nul         nul         nul         nul         nul        
keycode 254 = nul         nul         nul         nul         nul         nul         nul         nul         nul         nul         nul         nul         nul         nul         nul         nul        
keycode 255 = nul         nul         nul         nul         nul         nul         nul         nul         nul         nul         nul         nul         nul         nul         nul         nul        

string Find = "\033[1~"
string Remove = "\033[3~"
string Select = "\033[4~"
string Prior = "\033[5~"
string Next = "\033[6~"
